// Jest Snapshot v1, https://goo.gl/fbAQLP

exports[`renders correctly 1`] = `
<footer>
  <img
    alt="company-logo"
    src="logo.png"
  />
</footer>
`;
